Analysis & Synthesis report for DirectDigitalSynthesizer
Wed Jun 26 23:32:55 2019
Quartus II 64-Bit Version 13.0.0 Build 156 04/24/2013 SJ Full Version


---------------------
; Table of Contents ;
---------------------
  1. Legal Notice
  2. Analysis & Synthesis Summary
  3. Analysis & Synthesis Settings
  4. Parallel Compilation
  5. Analysis & Synthesis Source Files Read
  6. Analysis & Synthesis Resource Usage Summary
  7. Analysis & Synthesis Resource Utilization by Entity
  8. Analysis & Synthesis RAM Summary
  9. Analysis & Synthesis IP Cores Summary
 10. User-Specified and Inferred Latches
 11. Registers Removed During Synthesis
 12. General Register Statistics
 13. Multiplexer Restructuring Statistics (Restructuring Performed)
 14. Source assignments for SinWave:S1|SinROM:ROM1|altsyncram:altsyncram_component|altsyncram_pe71:auto_generated
 15. Source assignments for TriangularWave:T1|TriangularROM:ROM1|altsyncram:altsyncram_component|altsyncram_3381:auto_generated
 16. Parameter Settings for User Entity Instance: SinWave:S1|SinROM:ROM1|altsyncram:altsyncram_component
 17. Parameter Settings for User Entity Instance: TriangularWave:T1|TriangularROM:ROM1|altsyncram:altsyncram_component
 18. altsyncram Parameter Settings by Entity Instance
 19. Port Connectivity Checks: "PWMWave:P2"
 20. Port Connectivity Checks: "TriangularWave:T1|TriangularROM:ROM1"
 21. Port Connectivity Checks: "SinWave:S1|SinROM:ROM1"
 22. Elapsed Time Per Partition
 23. Analysis & Synthesis Messages
 24. Analysis & Synthesis Suppressed Messages



----------------
; Legal Notice ;
----------------
Copyright (C) 1991-2013 Altera Corporation
Your use of Altera Corporation's design tools, logic functions 
and other software and tools, and its AMPP partner logic 
functions, and any output files from any of the foregoing 
(including device programming or simulation files), and any 
associated documentation or information are expressly subject 
to the terms and conditions of the Altera Program License 
Subscription Agreement, Altera MegaCore Function License 
Agreement, or other applicable license agreement, including, 
without limitation, that your use is for the sole purpose of 
programming logic devices manufactured by Altera and sold by 
Altera or its authorized distributors.  Please refer to the 
applicable agreement for further details.



+----------------------------------------------------------------------------------+
; Analysis & Synthesis Summary                                                     ;
+------------------------------------+---------------------------------------------+
; Analysis & Synthesis Status        ; Successful - Wed Jun 26 23:32:55 2019       ;
; Quartus II 64-Bit Version          ; 13.0.0 Build 156 04/24/2013 SJ Full Version ;
; Revision Name                      ; DirectDigitalSynthesizer                    ;
; Top-level Entity Name              ; top                                         ;
; Family                             ; Cyclone II                                  ;
; Total logic elements               ; 669                                         ;
;     Total combinational functions  ; 669                                         ;
;     Dedicated logic registers      ; 105                                         ;
; Total registers                    ; 105                                         ;
; Total pins                         ; 60                                          ;
; Total virtual pins                 ; 0                                           ;
; Total memory bits                  ; 4,096                                       ;
; Embedded Multiplier 9-bit elements ; 0                                           ;
; Total PLLs                         ; 0                                           ;
+------------------------------------+---------------------------------------------+


+----------------------------------------------------------------------------------------------------------------------------+
; Analysis & Synthesis Settings                                                                                              ;
+----------------------------------------------------------------------------+--------------------+--------------------------+
; Option                                                                     ; Setting            ; Default Value            ;
+----------------------------------------------------------------------------+--------------------+--------------------------+
; Device                                                                     ; EP2C5Q208C8        ;                          ;
; Top-level entity name                                                      ; top                ; DirectDigitalSynthesizer ;
; Family name                                                                ; Cyclone II         ; Cyclone IV GX            ;
; Use smart compilation                                                      ; Off                ; Off                      ;
; Enable parallel Assembler and TimeQuest Timing Analyzer during compilation ; On                 ; On                       ;
; Enable compact report table                                                ; Off                ; Off                      ;
; Restructure Multiplexers                                                   ; Auto               ; Auto                     ;
; Create Debugging Nodes for IP Cores                                        ; Off                ; Off                      ;
; Preserve fewer node names                                                  ; On                 ; On                       ;
; Disable OpenCore Plus hardware evaluation                                  ; Off                ; Off                      ;
; Verilog Version                                                            ; Verilog_2001       ; Verilog_2001             ;
; VHDL Version                                                               ; VHDL_1993          ; VHDL_1993                ;
; State Machine Processing                                                   ; Auto               ; Auto                     ;
; Safe State Machine                                                         ; Off                ; Off                      ;
; Extract Verilog State Machines                                             ; On                 ; On                       ;
; Extract VHDL State Machines                                                ; On                 ; On                       ;
; Ignore Verilog initial constructs                                          ; Off                ; Off                      ;
; Iteration limit for constant Verilog loops                                 ; 5000               ; 5000                     ;
; Iteration limit for non-constant Verilog loops                             ; 250                ; 250                      ;
; Add Pass-Through Logic to Inferred RAMs                                    ; On                 ; On                       ;
; Infer RAMs from Raw Logic                                                  ; On                 ; On                       ;
; Parallel Synthesis                                                         ; On                 ; On                       ;
; DSP Block Balancing                                                        ; Auto               ; Auto                     ;
; NOT Gate Push-Back                                                         ; On                 ; On                       ;
; Power-Up Don't Care                                                        ; On                 ; On                       ;
; Remove Redundant Logic Cells                                               ; Off                ; Off                      ;
; Remove Duplicate Registers                                                 ; On                 ; On                       ;
; Ignore CARRY Buffers                                                       ; Off                ; Off                      ;
; Ignore CASCADE Buffers                                                     ; Off                ; Off                      ;
; Ignore GLOBAL Buffers                                                      ; Off                ; Off                      ;
; Ignore ROW GLOBAL Buffers                                                  ; Off                ; Off                      ;
; Ignore LCELL Buffers                                                       ; Off                ; Off                      ;
; Ignore SOFT Buffers                                                        ; On                 ; On                       ;
; Limit AHDL Integers to 32 Bits                                             ; Off                ; Off                      ;
; Optimization Technique                                                     ; Balanced           ; Balanced                 ;
; Carry Chain Length                                                         ; 70                 ; 70                       ;
; Auto Carry Chains                                                          ; On                 ; On                       ;
; Auto Open-Drain Pins                                                       ; On                 ; On                       ;
; Perform WYSIWYG Primitive Resynthesis                                      ; Off                ; Off                      ;
; Auto ROM Replacement                                                       ; On                 ; On                       ;
; Auto RAM Replacement                                                       ; On                 ; On                       ;
; Auto Shift Register Replacement                                            ; Auto               ; Auto                     ;
; Allow Shift Register Merging across Hierarchies                            ; Auto               ; Auto                     ;
; Auto Clock Enable Replacement                                              ; On                 ; On                       ;
; Strict RAM Replacement                                                     ; Off                ; Off                      ;
; Allow Synchronous Control Signals                                          ; On                 ; On                       ;
; Force Use of Synchronous Clear Signals                                     ; Off                ; Off                      ;
; Auto RAM to Logic Cell Conversion                                          ; Off                ; Off                      ;
; Auto Resource Sharing                                                      ; Off                ; Off                      ;
; Allow Any RAM Size For Recognition                                         ; Off                ; Off                      ;
; Allow Any ROM Size For Recognition                                         ; Off                ; Off                      ;
; Allow Any Shift Register Size For Recognition                              ; Off                ; Off                      ;
; Use LogicLock Constraints during Resource Balancing                        ; On                 ; On                       ;
; Ignore translate_off and synthesis_off directives                          ; Off                ; Off                      ;
; Timing-Driven Synthesis                                                    ; Off                ; Off                      ;
; Report Parameter Settings                                                  ; On                 ; On                       ;
; Report Source Assignments                                                  ; On                 ; On                       ;
; Report Connectivity Checks                                                 ; On                 ; On                       ;
; Ignore Maximum Fan-Out Assignments                                         ; Off                ; Off                      ;
; Synchronization Register Chain Length                                      ; 2                  ; 2                        ;
; PowerPlay Power Optimization                                               ; Normal compilation ; Normal compilation       ;
; HDL message level                                                          ; Level2             ; Level2                   ;
; Suppress Register Optimization Related Messages                            ; Off                ; Off                      ;
; Number of Removed Registers Reported in Synthesis Report                   ; 5000               ; 5000                     ;
; Number of Swept Nodes Reported in Synthesis Report                         ; 5000               ; 5000                     ;
; Number of Inverted Registers Reported in Synthesis Report                  ; 100                ; 100                      ;
; Clock MUX Protection                                                       ; On                 ; On                       ;
; Auto Gated Clock Conversion                                                ; Off                ; Off                      ;
; Block Design Naming                                                        ; Auto               ; Auto                     ;
; SDC constraint protection                                                  ; Off                ; Off                      ;
; Synthesis Effort                                                           ; Auto               ; Auto                     ;
; Shift Register Replacement - Allow Asynchronous Clear Signal               ; On                 ; On                       ;
; Pre-Mapping Resynthesis Optimization                                       ; Off                ; Off                      ;
; Analysis & Synthesis Message Level                                         ; Medium             ; Medium                   ;
; Disable Register Merging Across Hierarchies                                ; Auto               ; Auto                     ;
; Resource Aware Inference For Block RAM                                     ; On                 ; On                       ;
; Synthesis Seed                                                             ; 1                  ; 1                        ;
+----------------------------------------------------------------------------+--------------------+--------------------------+


+------------------------------------------+
; Parallel Compilation                     ;
+----------------------------+-------------+
; Processors                 ; Number      ;
+----------------------------+-------------+
; Number detected on machine ; 4           ;
; Maximum allowed            ; 4           ;
;                            ;             ;
; Average used               ; 1.00        ;
; Maximum used               ; 1           ;
;                            ;             ;
; Usage by Processor         ; % Time Used ;
;     Processor 1            ; 100.0%      ;
;     Processors 2-4         ;   0.0%      ;
+----------------------------+-------------+


+-------------------------------------------------------------------------------------------------------------------------------------------------------------------------------------------+
; Analysis & Synthesis Source Files Read                                                                                                                                                    ;
+----------------------------------+-----------------+----------------------------------------+-----------------------------------------------------------------------------------+---------+
; File Name with User-Entered Path ; Used in Netlist ; File Type                              ; File Name with Absolute Path                                                      ; Library ;
+----------------------------------+-----------------+----------------------------------------+-----------------------------------------------------------------------------------+---------+
; phase.v                          ; yes             ; User Verilog HDL File                  ; C:/Users/m1899/Desktop/DDSProject/phase.v                                         ;         ;
; TriangularWave.v                 ; yes             ; User Verilog HDL File                  ; C:/Users/m1899/Desktop/DDSProject/TriangularWave.v                                ;         ;
; top.v                            ; yes             ; User Verilog HDL File                  ; C:/Users/m1899/Desktop/DDSProject/top.v                                           ;         ;
; SinWave.v                        ; yes             ; User Verilog HDL File                  ; C:/Users/m1899/Desktop/DDSProject/SinWave.v                                       ;         ;
; PWMWave.v                        ; yes             ; User Verilog HDL File                  ; C:/Users/m1899/Desktop/DDSProject/PWMWave.v                                       ;         ;
; ControlPanel.v                   ; yes             ; User Verilog HDL File                  ; C:/Users/m1899/Desktop/DDSProject/ControlPanel.v                                  ;         ;
; ClockGenerator.v                 ; yes             ; User Verilog HDL File                  ; C:/Users/m1899/Desktop/DDSProject/ClockGenerator.v                                ;         ;
; SinROM.v                         ; yes             ; User Wizard-Generated File             ; C:/Users/m1899/Desktop/DDSProject/SinROM.v                                        ;         ;
; TriangularROM.v                  ; yes             ; User Wizard-Generated File             ; C:/Users/m1899/Desktop/DDSProject/TriangularROM.v                                 ;         ;
; altsyncram.tdf                   ; yes             ; Megafunction                           ; c:/programfiles/altera/13.0/quartus/libraries/megafunctions/altsyncram.tdf        ;         ;
; stratix_ram_block.inc            ; yes             ; Megafunction                           ; c:/programfiles/altera/13.0/quartus/libraries/megafunctions/stratix_ram_block.inc ;         ;
; lpm_mux.inc                      ; yes             ; Megafunction                           ; c:/programfiles/altera/13.0/quartus/libraries/megafunctions/lpm_mux.inc           ;         ;
; lpm_decode.inc                   ; yes             ; Megafunction                           ; c:/programfiles/altera/13.0/quartus/libraries/megafunctions/lpm_decode.inc        ;         ;
; aglobal130.inc                   ; yes             ; Megafunction                           ; c:/programfiles/altera/13.0/quartus/libraries/megafunctions/aglobal130.inc        ;         ;
; a_rdenreg.inc                    ; yes             ; Megafunction                           ; c:/programfiles/altera/13.0/quartus/libraries/megafunctions/a_rdenreg.inc         ;         ;
; altrom.inc                       ; yes             ; Megafunction                           ; c:/programfiles/altera/13.0/quartus/libraries/megafunctions/altrom.inc            ;         ;
; altram.inc                       ; yes             ; Megafunction                           ; c:/programfiles/altera/13.0/quartus/libraries/megafunctions/altram.inc            ;         ;
; altdpram.inc                     ; yes             ; Megafunction                           ; c:/programfiles/altera/13.0/quartus/libraries/megafunctions/altdpram.inc          ;         ;
; db/altsyncram_pe71.tdf           ; yes             ; Auto-Generated Megafunction            ; C:/Users/m1899/Desktop/DDSProject/db/altsyncram_pe71.tdf                          ;         ;
; sinetable.mif                    ; yes             ; Auto-Found Memory Initialization File  ; C:/Users/m1899/Desktop/DDSProject/sinetable.mif                                   ;         ;
; db/altsyncram_3381.tdf           ; yes             ; Auto-Generated Megafunction            ; C:/Users/m1899/Desktop/DDSProject/db/altsyncram_3381.tdf                          ;         ;
; triangulartable.mif              ; yes             ; Auto-Found Memory Initialization File  ; C:/Users/m1899/Desktop/DDSProject/triangulartable.mif                             ;         ;
+----------------------------------+-----------------+----------------------------------------+-----------------------------------------------------------------------------------+---------+


+-----------------------------------------------------+
; Analysis & Synthesis Resource Usage Summary         ;
+---------------------------------------------+-------+
; Resource                                    ; Usage ;
+---------------------------------------------+-------+
; Estimated Total logic elements              ; 669   ;
;                                             ;       ;
; Total combinational functions               ; 669   ;
; Logic element usage by number of LUT inputs ;       ;
;     -- 4 input functions                    ; 183   ;
;     -- 3 input functions                    ; 188   ;
;     -- <=2 input functions                  ; 298   ;
;                                             ;       ;
; Logic elements by mode                      ;       ;
;     -- normal mode                          ; 337   ;
;     -- arithmetic mode                      ; 332   ;
;                                             ;       ;
; Total registers                             ; 105   ;
;     -- Dedicated logic registers            ; 105   ;
;     -- I/O registers                        ; 0     ;
;                                             ;       ;
; I/O pins                                    ; 60    ;
; Total memory bits                           ; 4096  ;
; Embedded Multiplier 9-bit elements          ; 0     ;
; Maximum fan-out node                        ; clk   ;
; Maximum fan-out                             ; 105   ;
; Total fan-out                               ; 2397  ;
; Average fan-out                             ; 2.77  ;
+---------------------------------------------+-------+


+------------------------------------------------------------------------------------------------------------------------------------------------------------------------------------------------------------------------------------------------------------------------------------+
; Analysis & Synthesis Resource Utilization by Entity                                                                                                                                                                                                                                ;
+----------------------------------------------+-------------------+--------------+-------------+--------------+---------+-----------+------+--------------+----------------------------------------------------------------------------------------------------------+--------------+
; Compilation Hierarchy Node                   ; LC Combinationals ; LC Registers ; Memory Bits ; DSP Elements ; DSP 9x9 ; DSP 18x18 ; Pins ; Virtual Pins ; Full Hierarchy Name                                                                                      ; Library Name ;
+----------------------------------------------+-------------------+--------------+-------------+--------------+---------+-----------+------+--------------+----------------------------------------------------------------------------------------------------------+--------------+
; |top                                         ; 669 (0)           ; 105 (0)      ; 4096        ; 0            ; 0       ; 0         ; 60   ; 0            ; |top                                                                                                     ;              ;
;    |ClockGenerator:C1|                       ; 362 (362)         ; 0 (0)        ; 0           ; 0            ; 0       ; 0         ; 0    ; 0            ; |top|ClockGenerator:C1                                                                                   ;              ;
;    |ControlPanel:Control|                    ; 33 (33)           ; 0 (0)        ; 0           ; 0            ; 0       ; 0         ; 0    ; 0            ; |top|ControlPanel:Control                                                                                ;              ;
;    |PWMWave:P1|                              ; 97 (97)           ; 65 (65)      ; 0           ; 0            ; 0       ; 0         ; 0    ; 0            ; |top|PWMWave:P1                                                                                          ;              ;
;    |PWMWave:P2|                              ; 11 (11)           ; 1 (1)        ; 0           ; 0            ; 0       ; 0         ; 0    ; 0            ; |top|PWMWave:P2                                                                                          ;              ;
;    |SinWave:S1|                              ; 7 (7)             ; 7 (7)        ; 2048        ; 0            ; 0       ; 0         ; 0    ; 0            ; |top|SinWave:S1                                                                                          ;              ;
;       |SinROM:ROM1|                          ; 0 (0)             ; 0 (0)        ; 2048        ; 0            ; 0       ; 0         ; 0    ; 0            ; |top|SinWave:S1|SinROM:ROM1                                                                              ;              ;
;          |altsyncram:altsyncram_component|   ; 0 (0)             ; 0 (0)        ; 2048        ; 0            ; 0       ; 0         ; 0    ; 0            ; |top|SinWave:S1|SinROM:ROM1|altsyncram:altsyncram_component                                              ;              ;
;             |altsyncram_pe71:auto_generated| ; 0 (0)             ; 0 (0)        ; 2048        ; 0            ; 0       ; 0         ; 0    ; 0            ; |top|SinWave:S1|SinROM:ROM1|altsyncram:altsyncram_component|altsyncram_pe71:auto_generated               ;              ;
;    |TriangularWave:T1|                       ; 0 (0)             ; 0 (0)        ; 2048        ; 0            ; 0       ; 0         ; 0    ; 0            ; |top|TriangularWave:T1                                                                                   ;              ;
;       |TriangularROM:ROM1|                   ; 0 (0)             ; 0 (0)        ; 2048        ; 0            ; 0       ; 0         ; 0    ; 0            ; |top|TriangularWave:T1|TriangularROM:ROM1                                                                ;              ;
;          |altsyncram:altsyncram_component|   ; 0 (0)             ; 0 (0)        ; 2048        ; 0            ; 0       ; 0         ; 0    ; 0            ; |top|TriangularWave:T1|TriangularROM:ROM1|altsyncram:altsyncram_component                                ;              ;
;             |altsyncram_3381:auto_generated| ; 0 (0)             ; 0 (0)        ; 2048        ; 0            ; 0       ; 0         ; 0    ; 0            ; |top|TriangularWave:T1|TriangularROM:ROM1|altsyncram:altsyncram_component|altsyncram_3381:auto_generated ;              ;
;    |phase:phaseControler|                    ; 159 (159)         ; 32 (32)      ; 0           ; 0            ; 0       ; 0         ; 0    ; 0            ; |top|phase:phaseControler                                                                                ;              ;
+----------------------------------------------+-------------------+--------------+-------------+--------------+---------+-----------+------+--------------+----------------------------------------------------------------------------------------------------------+--------------+
Note: For table entries with two numbers listed, the numbers in parentheses indicate the number of resources of the given type used by the specific entity alone. The numbers listed outside of parentheses indicate the total resources of the given type used by the specific entity and all of its sub-entities in the hierarchy.


+-----------------------------------------------------------------------------------------------------------------------------------------------------------------------------------------------------------------------+
; Analysis & Synthesis RAM Summary                                                                                                                                                                                      ;
+----------------------------------------------------------------------------------------------------------------+------+------+--------------+--------------+--------------+--------------+------+---------------------+
; Name                                                                                                           ; Type ; Mode ; Port A Depth ; Port A Width ; Port B Depth ; Port B Width ; Size ; MIF                 ;
+----------------------------------------------------------------------------------------------------------------+------+------+--------------+--------------+--------------+--------------+------+---------------------+
; SinWave:S1|SinROM:ROM1|altsyncram:altsyncram_component|altsyncram_pe71:auto_generated|ALTSYNCRAM               ; AUTO ; ROM  ; 128          ; 16           ; --           ; --           ; 2048 ; SineTable.mif       ;
; TriangularWave:T1|TriangularROM:ROM1|altsyncram:altsyncram_component|altsyncram_3381:auto_generated|ALTSYNCRAM ; AUTO ; ROM  ; 128          ; 16           ; --           ; --           ; 2048 ; TriangularTable.mif ;
+----------------------------------------------------------------------------------------------------------------+------+------+--------------+--------------+--------------+--------------+------+---------------------+


+---------------------------------------------------------------------------------------------------------------------------------------------------------------+
; Analysis & Synthesis IP Cores Summary                                                                                                                         ;
+--------+--------------+---------+--------------+--------------+-------------------------------------------+---------------------------------------------------+
; Vendor ; IP Core Name ; Version ; Release Date ; License Type ; Entity Instance                           ; IP Include File                                   ;
+--------+--------------+---------+--------------+--------------+-------------------------------------------+---------------------------------------------------+
; Altera ; ROM: 1-PORT  ; 13.0    ; N/A          ; N/A          ; |top|SinWave:S1|SinROM:ROM1               ; C:/Users/m1899/Desktop/DDSProject/SinROM.v        ;
; Altera ; ROM: 1-PORT  ; 13.0    ; N/A          ; N/A          ; |top|TriangularWave:T1|TriangularROM:ROM1 ; C:/Users/m1899/Desktop/DDSProject/TriangularROM.v ;
+--------+--------------+---------+--------------+--------------+-------------------------------------------+---------------------------------------------------+


+-----------------------------------------------------------------------------------------------------------+
; User-Specified and Inferred Latches                                                                       ;
+-----------------------------------------------------+----------------------------+------------------------+
; Latch Name                                          ; Latch Enable Signal        ; Free of Timing Hazards ;
+-----------------------------------------------------+----------------------------+------------------------+
; ClockGenerator:C1|Step[0]                           ; ClockGenerator:C1|Step[2]  ; yes                    ;
; ClockGenerator:C1|Step[1]                           ; ClockGenerator:C1|Step[2]  ; yes                    ;
; ClockGenerator:C1|Step[2]                           ; ClockGenerator:C1|Step[2]  ; yes                    ;
; ClockGenerator:C1|Step[3]                           ; ClockGenerator:C1|Step[3]  ; yes                    ;
; ClockGenerator:C1|Step[4]                           ; ClockGenerator:C1|Step[31] ; no                     ;
; ClockGenerator:C1|Step[5]                           ; ClockGenerator:C1|Step[31] ; yes                    ;
; ClockGenerator:C1|Step[6]                           ; ClockGenerator:C1|Step[31] ; yes                    ;
; ClockGenerator:C1|Step[7]                           ; ClockGenerator:C1|Step[31] ; no                     ;
; ClockGenerator:C1|Step[8]                           ; ClockGenerator:C1|Step[31] ; no                     ;
; ClockGenerator:C1|Step[9]                           ; ClockGenerator:C1|Step[31] ; no                     ;
; ClockGenerator:C1|Step[10]                          ; ClockGenerator:C1|Step[31] ; yes                    ;
; ClockGenerator:C1|Step[11]                          ; ClockGenerator:C1|Step[31] ; yes                    ;
; ClockGenerator:C1|Step[12]                          ; ClockGenerator:C1|Step[31] ; yes                    ;
; ClockGenerator:C1|Step[13]                          ; ClockGenerator:C1|Step[31] ; no                     ;
; ClockGenerator:C1|Step[14]                          ; ClockGenerator:C1|Step[31] ; yes                    ;
; ClockGenerator:C1|Step[15]                          ; ClockGenerator:C1|Step[31] ; no                     ;
; ClockGenerator:C1|Step[16]                          ; ClockGenerator:C1|Step[31] ; yes                    ;
; ClockGenerator:C1|Step[17]                          ; ClockGenerator:C1|Step[31] ; no                     ;
; ClockGenerator:C1|Step[18]                          ; ClockGenerator:C1|Step[31] ; no                     ;
; ClockGenerator:C1|Step[19]                          ; ClockGenerator:C1|Step[31] ; no                     ;
; ClockGenerator:C1|Step[20]                          ; ClockGenerator:C1|Step[31] ; no                     ;
; ClockGenerator:C1|Step[21]                          ; ClockGenerator:C1|Step[31] ; yes                    ;
; ClockGenerator:C1|Step[22]                          ; ClockGenerator:C1|Step[31] ; yes                    ;
; ClockGenerator:C1|Step[23]                          ; ClockGenerator:C1|Step[31] ; yes                    ;
; ClockGenerator:C1|Step[24]                          ; ClockGenerator:C1|Step[31] ; yes                    ;
; ClockGenerator:C1|Step[25]                          ; ClockGenerator:C1|Step[31] ; yes                    ;
; ClockGenerator:C1|Step[26]                          ; ClockGenerator:C1|Step[31] ; yes                    ;
; ClockGenerator:C1|Step[27]                          ; ClockGenerator:C1|Step[31] ; yes                    ;
; ClockGenerator:C1|Step[28]                          ; ClockGenerator:C1|Step[31] ; yes                    ;
; ClockGenerator:C1|Step[29]                          ; ClockGenerator:C1|Step[31] ; yes                    ;
; ClockGenerator:C1|Step[30]                          ; ClockGenerator:C1|Step[31] ; yes                    ;
; ClockGenerator:C1|Step[31]                          ; ClockGenerator:C1|Step[31] ; yes                    ;
; Number of user-specified and inferred latches = 32  ;                            ;                        ;
+-----------------------------------------------------+----------------------------+------------------------+
Note: All latches listed above may not be present at the end of synthesis due to various synthesis optimizations.


+---------------------------------------------------------------------------------------+
; Registers Removed During Synthesis                                                    ;
+-----------------------------------------+---------------------------------------------+
; Register name                           ; Reason for Removal                          ;
+-----------------------------------------+---------------------------------------------+
; PWMWave:P2|PWMout[1..15]                ; Merged with PWMWave:P2|PWMout[0]            ;
; PWMWave:P1|PWMout[1..15]                ; Merged with PWMWave:P1|PWMout[0]            ;
; PWMWave:P2|SynthesisedPhase[0]          ; Merged with PWMWave:P1|SynthesisedPhase[0]  ;
; PWMWave:P2|SynthesisedPhase[1]          ; Merged with PWMWave:P1|SynthesisedPhase[1]  ;
; PWMWave:P2|SynthesisedPhase[2]          ; Merged with PWMWave:P1|SynthesisedPhase[2]  ;
; PWMWave:P2|SynthesisedPhase[3]          ; Merged with PWMWave:P1|SynthesisedPhase[3]  ;
; PWMWave:P2|SynthesisedPhase[4]          ; Merged with PWMWave:P1|SynthesisedPhase[4]  ;
; PWMWave:P2|SynthesisedPhase[5]          ; Merged with PWMWave:P1|SynthesisedPhase[5]  ;
; PWMWave:P2|SynthesisedPhase[6]          ; Merged with PWMWave:P1|SynthesisedPhase[6]  ;
; PWMWave:P2|SynthesisedPhase[7]          ; Merged with PWMWave:P1|SynthesisedPhase[7]  ;
; PWMWave:P2|SynthesisedPhase[8]          ; Merged with PWMWave:P1|SynthesisedPhase[8]  ;
; PWMWave:P2|SynthesisedPhase[9]          ; Merged with PWMWave:P1|SynthesisedPhase[9]  ;
; PWMWave:P2|SynthesisedPhase[10]         ; Merged with PWMWave:P1|SynthesisedPhase[10] ;
; PWMWave:P2|SynthesisedPhase[11]         ; Merged with PWMWave:P1|SynthesisedPhase[11] ;
; PWMWave:P2|SynthesisedPhase[12]         ; Merged with PWMWave:P1|SynthesisedPhase[12] ;
; PWMWave:P2|SynthesisedPhase[13]         ; Merged with PWMWave:P1|SynthesisedPhase[13] ;
; PWMWave:P2|SynthesisedPhase[14]         ; Merged with PWMWave:P1|SynthesisedPhase[14] ;
; PWMWave:P2|SynthesisedPhase[15]         ; Merged with PWMWave:P1|SynthesisedPhase[15] ;
; PWMWave:P2|SynthesisedPhase[16]         ; Merged with PWMWave:P1|SynthesisedPhase[16] ;
; PWMWave:P2|SynthesisedPhase[17]         ; Merged with PWMWave:P1|SynthesisedPhase[17] ;
; PWMWave:P2|SynthesisedPhase[18]         ; Merged with PWMWave:P1|SynthesisedPhase[18] ;
; PWMWave:P2|SynthesisedPhase[19]         ; Merged with PWMWave:P1|SynthesisedPhase[19] ;
; PWMWave:P2|SynthesisedPhase[20]         ; Merged with PWMWave:P1|SynthesisedPhase[20] ;
; PWMWave:P2|SynthesisedPhase[21]         ; Merged with PWMWave:P1|SynthesisedPhase[21] ;
; PWMWave:P2|SynthesisedPhase[22]         ; Merged with PWMWave:P1|SynthesisedPhase[22] ;
; PWMWave:P2|SynthesisedPhase[23]         ; Merged with PWMWave:P1|SynthesisedPhase[23] ;
; PWMWave:P2|SynthesisedPhase[24]         ; Merged with PWMWave:P1|SynthesisedPhase[24] ;
; PWMWave:P2|SynthesisedPhase[25]         ; Merged with PWMWave:P1|SynthesisedPhase[25] ;
; PWMWave:P2|SynthesisedPhase[26]         ; Merged with PWMWave:P1|SynthesisedPhase[26] ;
; PWMWave:P2|SynthesisedPhase[27]         ; Merged with PWMWave:P1|SynthesisedPhase[27] ;
; PWMWave:P2|SynthesisedPhase[28]         ; Merged with PWMWave:P1|SynthesisedPhase[28] ;
; PWMWave:P2|SynthesisedPhase[29]         ; Merged with PWMWave:P1|SynthesisedPhase[29] ;
; PWMWave:P2|SynthesisedPhase[30]         ; Merged with PWMWave:P1|SynthesisedPhase[30] ;
; PWMWave:P2|SynthesisedPhase[31]         ; Merged with PWMWave:P1|SynthesisedPhase[31] ;
; PWMWave:P2|address[0]                   ; Merged with PWMWave:P1|address[0]           ;
; SinWave:S1|address[0]                   ; Merged with PWMWave:P1|address[0]           ;
; TriangularWave:T1|address[0]            ; Merged with PWMWave:P1|address[0]           ;
; PWMWave:P2|address[1]                   ; Merged with PWMWave:P1|address[1]           ;
; SinWave:S1|address[1]                   ; Merged with PWMWave:P1|address[1]           ;
; TriangularWave:T1|address[1]            ; Merged with PWMWave:P1|address[1]           ;
; PWMWave:P2|address[2]                   ; Merged with PWMWave:P1|address[2]           ;
; SinWave:S1|address[2]                   ; Merged with PWMWave:P1|address[2]           ;
; TriangularWave:T1|address[2]            ; Merged with PWMWave:P1|address[2]           ;
; PWMWave:P2|address[3]                   ; Merged with PWMWave:P1|address[3]           ;
; SinWave:S1|address[3]                   ; Merged with PWMWave:P1|address[3]           ;
; TriangularWave:T1|address[3]            ; Merged with PWMWave:P1|address[3]           ;
; PWMWave:P2|address[4]                   ; Merged with PWMWave:P1|address[4]           ;
; SinWave:S1|address[4]                   ; Merged with PWMWave:P1|address[4]           ;
; TriangularWave:T1|address[4]            ; Merged with PWMWave:P1|address[4]           ;
; PWMWave:P2|address[5]                   ; Merged with PWMWave:P1|address[5]           ;
; SinWave:S1|address[5]                   ; Merged with PWMWave:P1|address[5]           ;
; TriangularWave:T1|address[5]            ; Merged with PWMWave:P1|address[5]           ;
; PWMWave:P2|address[6]                   ; Merged with PWMWave:P1|address[6]           ;
; SinWave:S1|address[6]                   ; Merged with PWMWave:P1|address[6]           ;
; TriangularWave:T1|address[6]            ; Merged with PWMWave:P1|address[6]           ;
; PWMWave:P2|address[7]                   ; Merged with PWMWave:P1|address[7]           ;
; SinWave:S1|address[7]                   ; Merged with PWMWave:P1|address[7]           ;
; TriangularWave:T1|address[7]            ; Merged with PWMWave:P1|address[7]           ;
; PWMWave:P2|address[8]                   ; Merged with PWMWave:P1|address[8]           ;
; SinWave:S1|address[8]                   ; Merged with PWMWave:P1|address[8]           ;
; TriangularWave:T1|address[8]            ; Merged with PWMWave:P1|address[8]           ;
; PWMWave:P2|address[9]                   ; Merged with PWMWave:P1|address[9]           ;
; SinWave:S1|address[9]                   ; Merged with PWMWave:P1|address[9]           ;
; TriangularWave:T1|address[9]            ; Merged with PWMWave:P1|address[9]           ;
; PWMWave:P2|address[10]                  ; Merged with PWMWave:P1|address[10]          ;
; SinWave:S1|address[10]                  ; Merged with PWMWave:P1|address[10]          ;
; TriangularWave:T1|address[10]           ; Merged with PWMWave:P1|address[10]          ;
; PWMWave:P2|address[11]                  ; Merged with PWMWave:P1|address[11]          ;
; SinWave:S1|address[11]                  ; Merged with PWMWave:P1|address[11]          ;
; TriangularWave:T1|address[11]           ; Merged with PWMWave:P1|address[11]          ;
; PWMWave:P2|address[12]                  ; Merged with PWMWave:P1|address[12]          ;
; SinWave:S1|address[12]                  ; Merged with PWMWave:P1|address[12]          ;
; TriangularWave:T1|address[12]           ; Merged with PWMWave:P1|address[12]          ;
; PWMWave:P2|address[13]                  ; Merged with PWMWave:P1|address[13]          ;
; SinWave:S1|address[13]                  ; Merged with PWMWave:P1|address[13]          ;
; TriangularWave:T1|address[13]           ; Merged with PWMWave:P1|address[13]          ;
; PWMWave:P2|address[14]                  ; Merged with PWMWave:P1|address[14]          ;
; SinWave:S1|address[14]                  ; Merged with PWMWave:P1|address[14]          ;
; TriangularWave:T1|address[14]           ; Merged with PWMWave:P1|address[14]          ;
; PWMWave:P2|address[15]                  ; Merged with PWMWave:P1|address[15]          ;
; SinWave:S1|address[15]                  ; Merged with PWMWave:P1|address[15]          ;
; TriangularWave:T1|address[15]           ; Merged with PWMWave:P1|address[15]          ;
; PWMWave:P2|address[16]                  ; Merged with PWMWave:P1|address[16]          ;
; SinWave:S1|address[16]                  ; Merged with PWMWave:P1|address[16]          ;
; TriangularWave:T1|address[16]           ; Merged with PWMWave:P1|address[16]          ;
; PWMWave:P2|address[17]                  ; Merged with PWMWave:P1|address[17]          ;
; SinWave:S1|address[17]                  ; Merged with PWMWave:P1|address[17]          ;
; TriangularWave:T1|address[17]           ; Merged with PWMWave:P1|address[17]          ;
; PWMWave:P2|address[18]                  ; Merged with PWMWave:P1|address[18]          ;
; SinWave:S1|address[18]                  ; Merged with PWMWave:P1|address[18]          ;
; TriangularWave:T1|address[18]           ; Merged with PWMWave:P1|address[18]          ;
; PWMWave:P2|address[19]                  ; Merged with PWMWave:P1|address[19]          ;
; SinWave:S1|address[19]                  ; Merged with PWMWave:P1|address[19]          ;
; TriangularWave:T1|address[19]           ; Merged with PWMWave:P1|address[19]          ;
; PWMWave:P2|address[20]                  ; Merged with PWMWave:P1|address[20]          ;
; SinWave:S1|address[20]                  ; Merged with PWMWave:P1|address[20]          ;
; TriangularWave:T1|address[20]           ; Merged with PWMWave:P1|address[20]          ;
; PWMWave:P2|address[21]                  ; Merged with PWMWave:P1|address[21]          ;
; SinWave:S1|address[21]                  ; Merged with PWMWave:P1|address[21]          ;
; TriangularWave:T1|address[21]           ; Merged with PWMWave:P1|address[21]          ;
; PWMWave:P2|address[22]                  ; Merged with PWMWave:P1|address[22]          ;
; SinWave:S1|address[22]                  ; Merged with PWMWave:P1|address[22]          ;
; TriangularWave:T1|address[22]           ; Merged with PWMWave:P1|address[22]          ;
; PWMWave:P2|address[23]                  ; Merged with PWMWave:P1|address[23]          ;
; SinWave:S1|address[23]                  ; Merged with PWMWave:P1|address[23]          ;
; TriangularWave:T1|address[23]           ; Merged with PWMWave:P1|address[23]          ;
; PWMWave:P2|address[24]                  ; Merged with PWMWave:P1|address[24]          ;
; SinWave:S1|address[24]                  ; Merged with PWMWave:P1|address[24]          ;
; TriangularWave:T1|address[24]           ; Merged with PWMWave:P1|address[24]          ;
; PWMWave:P2|address[25]                  ; Merged with PWMWave:P1|address[25]          ;
; SinWave:S1|address[25]                  ; Merged with PWMWave:P1|address[25]          ;
; TriangularWave:T1|address[25]           ; Merged with PWMWave:P1|address[25]          ;
; PWMWave:P2|address[26]                  ; Merged with PWMWave:P1|address[26]          ;
; SinWave:S1|address[26]                  ; Merged with PWMWave:P1|address[26]          ;
; TriangularWave:T1|address[26]           ; Merged with PWMWave:P1|address[26]          ;
; PWMWave:P2|address[27]                  ; Merged with PWMWave:P1|address[27]          ;
; SinWave:S1|address[27]                  ; Merged with PWMWave:P1|address[27]          ;
; TriangularWave:T1|address[27]           ; Merged with PWMWave:P1|address[27]          ;
; PWMWave:P2|address[28]                  ; Merged with PWMWave:P1|address[28]          ;
; SinWave:S1|address[28]                  ; Merged with PWMWave:P1|address[28]          ;
; TriangularWave:T1|address[28]           ; Merged with PWMWave:P1|address[28]          ;
; PWMWave:P2|address[29]                  ; Merged with PWMWave:P1|address[29]          ;
; SinWave:S1|address[29]                  ; Merged with PWMWave:P1|address[29]          ;
; TriangularWave:T1|address[29]           ; Merged with PWMWave:P1|address[29]          ;
; PWMWave:P2|address[30]                  ; Merged with PWMWave:P1|address[30]          ;
; SinWave:S1|address[30]                  ; Merged with PWMWave:P1|address[30]          ;
; TriangularWave:T1|address[30]           ; Merged with PWMWave:P1|address[30]          ;
; PWMWave:P2|address[31]                  ; Merged with PWMWave:P1|address[31]          ;
; SinWave:S1|address[31]                  ; Merged with PWMWave:P1|address[31]          ;
; TriangularWave:T1|address[31]           ; Merged with PWMWave:P1|address[31]          ;
; TriangularWave:T1|SynthesisedPhase[0]   ; Merged with SinWave:S1|SynthesisedPhase[0]  ;
; TriangularWave:T1|SynthesisedPhase[1]   ; Merged with SinWave:S1|SynthesisedPhase[1]  ;
; TriangularWave:T1|SynthesisedPhase[2]   ; Merged with SinWave:S1|SynthesisedPhase[2]  ;
; TriangularWave:T1|SynthesisedPhase[3]   ; Merged with SinWave:S1|SynthesisedPhase[3]  ;
; TriangularWave:T1|SynthesisedPhase[4]   ; Merged with SinWave:S1|SynthesisedPhase[4]  ;
; TriangularWave:T1|SynthesisedPhase[5]   ; Merged with SinWave:S1|SynthesisedPhase[5]  ;
; TriangularWave:T1|SynthesisedPhase[6]   ; Merged with SinWave:S1|SynthesisedPhase[6]  ;
; Total Number of Removed Registers = 165 ;                                             ;
+-----------------------------------------+---------------------------------------------+


+------------------------------------------------------+
; General Register Statistics                          ;
+----------------------------------------------+-------+
; Statistic                                    ; Value ;
+----------------------------------------------+-------+
; Total registers                              ; 105   ;
; Number of registers using Synchronous Clear  ; 0     ;
; Number of registers using Synchronous Load   ; 0     ;
; Number of registers using Asynchronous Clear ; 32    ;
; Number of registers using Asynchronous Load  ; 0     ;
; Number of registers using Clock Enable       ; 0     ;
; Number of registers using Preset             ; 0     ;
+----------------------------------------------+-------+


+-----------------------------------------------------------------------------------------------------------------------------------------------+
; Multiplexer Restructuring Statistics (Restructuring Performed)                                                                                ;
+--------------------+-----------+---------------+----------------------+------------------------+------------+---------------------------------+
; Multiplexer Inputs ; Bus Width ; Baseline Area ; Area if Restructured ; Saving if Restructured ; Registered ; Example Multiplexer Output      ;
+--------------------+-----------+---------------+----------------------+------------------------+------------+---------------------------------+
; 3:1                ; 16 bits   ; 32 LEs        ; 32 LEs               ; 0 LEs                  ; No         ; |top|ControlPanel:Control|Mux3  ;
; 6:1                ; 28 bits   ; 112 LEs       ; 112 LEs              ; 0 LEs                  ; No         ; |top|ClockGenerator:C1|Step[10] ;
+--------------------+-----------+---------------+----------------------+------------------------+------------+---------------------------------+


+--------------------------------------------------------------------------------------------------------------+
; Source assignments for SinWave:S1|SinROM:ROM1|altsyncram:altsyncram_component|altsyncram_pe71:auto_generated ;
+---------------------------------+--------------------+------+------------------------------------------------+
; Assignment                      ; Value              ; From ; To                                             ;
+---------------------------------+--------------------+------+------------------------------------------------+
; OPTIMIZE_POWER_DURING_SYNTHESIS ; NORMAL_COMPILATION ; -    ; -                                              ;
+---------------------------------+--------------------+------+------------------------------------------------+


+----------------------------------------------------------------------------------------------------------------------------+
; Source assignments for TriangularWave:T1|TriangularROM:ROM1|altsyncram:altsyncram_component|altsyncram_3381:auto_generated ;
+---------------------------------+--------------------+------+--------------------------------------------------------------+
; Assignment                      ; Value              ; From ; To                                                           ;
+---------------------------------+--------------------+------+--------------------------------------------------------------+
; OPTIMIZE_POWER_DURING_SYNTHESIS ; NORMAL_COMPILATION ; -    ; -                                                            ;
+---------------------------------+--------------------+------+--------------------------------------------------------------+


+-----------------------------------------------------------------------------------------------------+
; Parameter Settings for User Entity Instance: SinWave:S1|SinROM:ROM1|altsyncram:altsyncram_component ;
+------------------------------------+----------------------+-----------------------------------------+
; Parameter Name                     ; Value                ; Type                                    ;
+------------------------------------+----------------------+-----------------------------------------+
; BYTE_SIZE_BLOCK                    ; 8                    ; Untyped                                 ;
; AUTO_CARRY_CHAINS                  ; ON                   ; AUTO_CARRY                              ;
; IGNORE_CARRY_BUFFERS               ; OFF                  ; IGNORE_CARRY                            ;
; AUTO_CASCADE_CHAINS                ; ON                   ; AUTO_CASCADE                            ;
; IGNORE_CASCADE_BUFFERS             ; OFF                  ; IGNORE_CASCADE                          ;
; WIDTH_BYTEENA                      ; 1                    ; Untyped                                 ;
; OPERATION_MODE                     ; ROM                  ; Untyped                                 ;
; WIDTH_A                            ; 16                   ; Signed Integer                          ;
; WIDTHAD_A                          ; 7                    ; Signed Integer                          ;
; NUMWORDS_A                         ; 128                  ; Signed Integer                          ;
; OUTDATA_REG_A                      ; CLOCK0               ; Untyped                                 ;
; ADDRESS_ACLR_A                     ; NONE                 ; Untyped                                 ;
; OUTDATA_ACLR_A                     ; NONE                 ; Untyped                                 ;
; WRCONTROL_ACLR_A                   ; NONE                 ; Untyped                                 ;
; INDATA_ACLR_A                      ; NONE                 ; Untyped                                 ;
; BYTEENA_ACLR_A                     ; NONE                 ; Untyped                                 ;
; WIDTH_B                            ; 1                    ; Untyped                                 ;
; WIDTHAD_B                          ; 1                    ; Untyped                                 ;
; NUMWORDS_B                         ; 1                    ; Untyped                                 ;
; INDATA_REG_B                       ; CLOCK1               ; Untyped                                 ;
; WRCONTROL_WRADDRESS_REG_B          ; CLOCK1               ; Untyped                                 ;
; RDCONTROL_REG_B                    ; CLOCK1               ; Untyped                                 ;
; ADDRESS_REG_B                      ; CLOCK1               ; Untyped                                 ;
; OUTDATA_REG_B                      ; UNREGISTERED         ; Untyped                                 ;
; BYTEENA_REG_B                      ; CLOCK1               ; Untyped                                 ;
; INDATA_ACLR_B                      ; NONE                 ; Untyped                                 ;
; WRCONTROL_ACLR_B                   ; NONE                 ; Untyped                                 ;
; ADDRESS_ACLR_B                     ; NONE                 ; Untyped                                 ;
; OUTDATA_ACLR_B                     ; NONE                 ; Untyped                                 ;
; RDCONTROL_ACLR_B                   ; NONE                 ; Untyped                                 ;
; BYTEENA_ACLR_B                     ; NONE                 ; Untyped                                 ;
; WIDTH_BYTEENA_A                    ; 1                    ; Signed Integer                          ;
; WIDTH_BYTEENA_B                    ; 1                    ; Untyped                                 ;
; RAM_BLOCK_TYPE                     ; AUTO                 ; Untyped                                 ;
; BYTE_SIZE                          ; 8                    ; Untyped                                 ;
; READ_DURING_WRITE_MODE_MIXED_PORTS ; DONT_CARE            ; Untyped                                 ;
; READ_DURING_WRITE_MODE_PORT_A      ; NEW_DATA_NO_NBE_READ ; Untyped                                 ;
; READ_DURING_WRITE_MODE_PORT_B      ; NEW_DATA_NO_NBE_READ ; Untyped                                 ;
; INIT_FILE                          ; SineTable.mif        ; Untyped                                 ;
; INIT_FILE_LAYOUT                   ; PORT_A               ; Untyped                                 ;
; MAXIMUM_DEPTH                      ; 0                    ; Untyped                                 ;
; CLOCK_ENABLE_INPUT_A               ; BYPASS               ; Untyped                                 ;
; CLOCK_ENABLE_INPUT_B               ; NORMAL               ; Untyped                                 ;
; CLOCK_ENABLE_OUTPUT_A              ; BYPASS               ; Untyped                                 ;
; CLOCK_ENABLE_OUTPUT_B              ; NORMAL               ; Untyped                                 ;
; CLOCK_ENABLE_CORE_A                ; USE_INPUT_CLKEN      ; Untyped                                 ;
; CLOCK_ENABLE_CORE_B                ; USE_INPUT_CLKEN      ; Untyped                                 ;
; ENABLE_ECC                         ; FALSE                ; Untyped                                 ;
; ECC_PIPELINE_STAGE_ENABLED         ; FALSE                ; Untyped                                 ;
; WIDTH_ECCSTATUS                    ; 3                    ; Untyped                                 ;
; DEVICE_FAMILY                      ; Cyclone II           ; Untyped                                 ;
; CBXI_PARAMETER                     ; altsyncram_pe71      ; Untyped                                 ;
+------------------------------------+----------------------+-----------------------------------------+
Note: In order to hide this table in the UI and the text report file, please set the "Show Parameter Settings in Synthesis Report" option in "Analysis and Synthesis Settings -> More Settings" to "Off".


+-------------------------------------------------------------------------------------------------------------------+
; Parameter Settings for User Entity Instance: TriangularWave:T1|TriangularROM:ROM1|altsyncram:altsyncram_component ;
+------------------------------------+----------------------+-------------------------------------------------------+
; Parameter Name                     ; Value                ; Type                                                  ;
+------------------------------------+----------------------+-------------------------------------------------------+
; BYTE_SIZE_BLOCK                    ; 8                    ; Untyped                                               ;
; AUTO_CARRY_CHAINS                  ; ON                   ; AUTO_CARRY                                            ;
; IGNORE_CARRY_BUFFERS               ; OFF                  ; IGNORE_CARRY                                          ;
; AUTO_CASCADE_CHAINS                ; ON                   ; AUTO_CASCADE                                          ;
; IGNORE_CASCADE_BUFFERS             ; OFF                  ; IGNORE_CASCADE                                        ;
; WIDTH_BYTEENA                      ; 1                    ; Untyped                                               ;
; OPERATION_MODE                     ; ROM                  ; Untyped                                               ;
; WIDTH_A                            ; 16                   ; Signed Integer                                        ;
; WIDTHAD_A                          ; 7                    ; Signed Integer                                        ;
; NUMWORDS_A                         ; 128                  ; Signed Integer                                        ;
; OUTDATA_REG_A                      ; CLOCK0               ; Untyped                                               ;
; ADDRESS_ACLR_A                     ; NONE                 ; Untyped                                               ;
; OUTDATA_ACLR_A                     ; NONE                 ; Untyped                                               ;
; WRCONTROL_ACLR_A                   ; NONE                 ; Untyped                                               ;
; INDATA_ACLR_A                      ; NONE                 ; Untyped                                               ;
; BYTEENA_ACLR_A                     ; NONE                 ; Untyped                                               ;
; WIDTH_B                            ; 1                    ; Untyped                                               ;
; WIDTHAD_B                          ; 1                    ; Untyped                                               ;
; NUMWORDS_B                         ; 1                    ; Untyped                                               ;
; INDATA_REG_B                       ; CLOCK1               ; Untyped                                               ;
; WRCONTROL_WRADDRESS_REG_B          ; CLOCK1               ; Untyped                                               ;
; RDCONTROL_REG_B                    ; CLOCK1               ; Untyped                                               ;
; ADDRESS_REG_B                      ; CLOCK1               ; Untyped                                               ;
; OUTDATA_REG_B                      ; UNREGISTERED         ; Untyped                                               ;
; BYTEENA_REG_B                      ; CLOCK1               ; Untyped                                               ;
; INDATA_ACLR_B                      ; NONE                 ; Untyped                                               ;
; WRCONTROL_ACLR_B                   ; NONE                 ; Untyped                                               ;
; ADDRESS_ACLR_B                     ; NONE                 ; Untyped                                               ;
; OUTDATA_ACLR_B                     ; NONE                 ; Untyped                                               ;
; RDCONTROL_ACLR_B                   ; NONE                 ; Untyped                                               ;
; BYTEENA_ACLR_B                     ; NONE                 ; Untyped                                               ;
; WIDTH_BYTEENA_A                    ; 1                    ; Signed Integer                                        ;
; WIDTH_BYTEENA_B                    ; 1                    ; Untyped                                               ;
; RAM_BLOCK_TYPE                     ; AUTO                 ; Untyped                                               ;
; BYTE_SIZE                          ; 8                    ; Untyped                                               ;
; READ_DURING_WRITE_MODE_MIXED_PORTS ; DONT_CARE            ; Untyped                                               ;
; READ_DURING_WRITE_MODE_PORT_A      ; NEW_DATA_NO_NBE_READ ; Untyped                                               ;
; READ_DURING_WRITE_MODE_PORT_B      ; NEW_DATA_NO_NBE_READ ; Untyped                                               ;
; INIT_FILE                          ; TriangularTable.mif  ; Untyped                                               ;
; INIT_FILE_LAYOUT                   ; PORT_A               ; Untyped                                               ;
; MAXIMUM_DEPTH                      ; 0                    ; Untyped                                               ;
; CLOCK_ENABLE_INPUT_A               ; BYPASS               ; Untyped                                               ;
; CLOCK_ENABLE_INPUT_B               ; NORMAL               ; Untyped                                               ;
; CLOCK_ENABLE_OUTPUT_A              ; BYPASS               ; Untyped                                               ;
; CLOCK_ENABLE_OUTPUT_B              ; NORMAL               ; Untyped                                               ;
; CLOCK_ENABLE_CORE_A                ; USE_INPUT_CLKEN      ; Untyped                                               ;
; CLOCK_ENABLE_CORE_B                ; USE_INPUT_CLKEN      ; Untyped                                               ;
; ENABLE_ECC                         ; FALSE                ; Untyped                                               ;
; ECC_PIPELINE_STAGE_ENABLED         ; FALSE                ; Untyped                                               ;
; WIDTH_ECCSTATUS                    ; 3                    ; Untyped                                               ;
; DEVICE_FAMILY                      ; Cyclone II           ; Untyped                                               ;
; CBXI_PARAMETER                     ; altsyncram_3381      ; Untyped                                               ;
+------------------------------------+----------------------+-------------------------------------------------------+
Note: In order to hide this table in the UI and the text report file, please set the "Show Parameter Settings in Synthesis Report" option in "Analysis and Synthesis Settings -> More Settings" to "Off".


+------------------------------------------------------------------------------------------------------------------+
; altsyncram Parameter Settings by Entity Instance                                                                 ;
+-------------------------------------------+----------------------------------------------------------------------+
; Name                                      ; Value                                                                ;
+-------------------------------------------+----------------------------------------------------------------------+
; Number of entity instances                ; 2                                                                    ;
; Entity Instance                           ; SinWave:S1|SinROM:ROM1|altsyncram:altsyncram_component               ;
;     -- OPERATION_MODE                     ; ROM                                                                  ;
;     -- WIDTH_A                            ; 16                                                                   ;
;     -- NUMWORDS_A                         ; 128                                                                  ;
;     -- OUTDATA_REG_A                      ; CLOCK0                                                               ;
;     -- WIDTH_B                            ; 1                                                                    ;
;     -- NUMWORDS_B                         ; 1                                                                    ;
;     -- ADDRESS_REG_B                      ; CLOCK1                                                               ;
;     -- OUTDATA_REG_B                      ; UNREGISTERED                                                         ;
;     -- RAM_BLOCK_TYPE                     ; AUTO                                                                 ;
;     -- READ_DURING_WRITE_MODE_MIXED_PORTS ; DONT_CARE                                                            ;
; Entity Instance                           ; TriangularWave:T1|TriangularROM:ROM1|altsyncram:altsyncram_component ;
;     -- OPERATION_MODE                     ; ROM                                                                  ;
;     -- WIDTH_A                            ; 16                                                                   ;
;     -- NUMWORDS_A                         ; 128                                                                  ;
;     -- OUTDATA_REG_A                      ; CLOCK0                                                               ;
;     -- WIDTH_B                            ; 1                                                                    ;
;     -- NUMWORDS_B                         ; 1                                                                    ;
;     -- ADDRESS_REG_B                      ; CLOCK1                                                               ;
;     -- OUTDATA_REG_B                      ; UNREGISTERED                                                         ;
;     -- RAM_BLOCK_TYPE                     ; AUTO                                                                 ;
;     -- READ_DURING_WRITE_MODE_MIXED_PORTS ; DONT_CARE                                                            ;
+-------------------------------------------+----------------------------------------------------------------------+


+--------------------------------------------------+
; Port Connectivity Checks: "PWMWave:P2"           ;
+----------------+-------+----------+--------------+
; Port           ; Type  ; Severity ; Details      ;
+----------------+-------+----------+--------------+
; PWMDuty[30..0] ; Input ; Info     ; Stuck at GND ;
; PWMDuty[31]    ; Input ; Info     ; Stuck at VCC ;
+----------------+-------+----------+--------------+


+-----------------------------------------------------------------------------------------------------------------------------------------------------------------------------------------------------------------+
; Port Connectivity Checks: "TriangularWave:T1|TriangularROM:ROM1"                                                                                                                                                ;
+---------+-------+----------+------------------------------------------------------------------------------------------------------------------------------------------------------------------------------------+
; Port    ; Type  ; Severity ; Details                                                                                                                                                                            ;
+---------+-------+----------+------------------------------------------------------------------------------------------------------------------------------------------------------------------------------------+
; address ; Input ; Warning  ; Input port expression (32 bits) is wider than the input port (7 bits) it drives.  The 25 most-significant bit(s) in the expression will be dangling if they have no other fanouts. ;
+---------+-------+----------+------------------------------------------------------------------------------------------------------------------------------------------------------------------------------------+


+-----------------------------------------------------------------------------------------------------------------------------------------------------------------------------------------------------------------+
; Port Connectivity Checks: "SinWave:S1|SinROM:ROM1"                                                                                                                                                              ;
+---------+-------+----------+------------------------------------------------------------------------------------------------------------------------------------------------------------------------------------+
; Port    ; Type  ; Severity ; Details                                                                                                                                                                            ;
+---------+-------+----------+------------------------------------------------------------------------------------------------------------------------------------------------------------------------------------+
; address ; Input ; Warning  ; Input port expression (32 bits) is wider than the input port (7 bits) it drives.  The 25 most-significant bit(s) in the expression will be dangling if they have no other fanouts. ;
+---------+-------+----------+------------------------------------------------------------------------------------------------------------------------------------------------------------------------------------+


+-------------------------------+
; Elapsed Time Per Partition    ;
+----------------+--------------+
; Partition Name ; Elapsed Time ;
+----------------+--------------+
; Top            ; 00:00:01     ;
+----------------+--------------+


+-------------------------------+
; Analysis & Synthesis Messages ;
+-------------------------------+
Info: *******************************************************************
Info: Running Quartus II 64-Bit Analysis & Synthesis
    Info: Version 13.0.0 Build 156 04/24/2013 SJ Full Version
    Info: Processing started: Wed Jun 26 23:32:52 2019
Info: Command: quartus_map --read_settings_files=on --write_settings_files=off DirectDigitalSynthesizer -c DirectDigitalSynthesizer
Info (20030): Parallel compilation is enabled and will use 4 of the 4 processors detected
Info (12021): Found 1 design units, including 1 entities, in source file phase.v
    Info (12023): Found entity 1: phase
Info (12021): Found 1 design units, including 1 entities, in source file triangularwave.v
    Info (12023): Found entity 1: TriangularWave
Info (12021): Found 1 design units, including 1 entities, in source file top.v
    Info (12023): Found entity 1: top
Info (12021): Found 1 design units, including 1 entities, in source file sinwave.v
    Info (12023): Found entity 1: SinWave
Info (12021): Found 1 design units, including 1 entities, in source file pwmwave.v
    Info (12023): Found entity 1: PWMWave
Info (12021): Found 1 design units, including 1 entities, in source file controlpanel.v
    Info (12023): Found entity 1: ControlPanel
Info (12021): Found 1 design units, including 1 entities, in source file clockgenerator.v
    Info (12023): Found entity 1: ClockGenerator
Info (12021): Found 1 design units, including 1 entities, in source file sinrom.v
    Info (12023): Found entity 1: SinROM
Info (12021): Found 1 design units, including 1 entities, in source file triangularrom.v
    Info (12023): Found entity 1: TriangularROM
Info (12127): Elaborating entity "top" for the top level hierarchy
Info (12128): Elaborating entity "ClockGenerator" for hierarchy "ClockGenerator:C1"
Warning (10240): Verilog HDL Always Construct warning at ClockGenerator.v(17): inferring latch(es) for variable "Step", which holds its previous value in one or more paths through the always construct
Info (10041): Inferred latch for "Step[0]" at ClockGenerator.v(17)
Info (10041): Inferred latch for "Step[1]" at ClockGenerator.v(17)
Info (10041): Inferred latch for "Step[2]" at ClockGenerator.v(17)
Info (10041): Inferred latch for "Step[3]" at ClockGenerator.v(17)
Info (10041): Inferred latch for "Step[4]" at ClockGenerator.v(17)
Info (10041): Inferred latch for "Step[5]" at ClockGenerator.v(17)
Info (10041): Inferred latch for "Step[6]" at ClockGenerator.v(17)
Info (10041): Inferred latch for "Step[7]" at ClockGenerator.v(17)
Info (10041): Inferred latch for "Step[8]" at ClockGenerator.v(17)
Info (10041): Inferred latch for "Step[9]" at ClockGenerator.v(17)
Info (10041): Inferred latch for "Step[10]" at ClockGenerator.v(17)
Info (10041): Inferred latch for "Step[11]" at ClockGenerator.v(17)
Info (10041): Inferred latch for "Step[12]" at ClockGenerator.v(17)
Info (10041): Inferred latch for "Step[13]" at ClockGenerator.v(17)
Info (10041): Inferred latch for "Step[14]" at ClockGenerator.v(17)
Info (10041): Inferred latch for "Step[15]" at ClockGenerator.v(17)
Info (10041): Inferred latch for "Step[16]" at ClockGenerator.v(17)
Info (10041): Inferred latch for "Step[17]" at ClockGenerator.v(17)
Info (10041): Inferred latch for "Step[18]" at ClockGenerator.v(17)
Info (10041): Inferred latch for "Step[19]" at ClockGenerator.v(17)
Info (10041): Inferred latch for "Step[20]" at ClockGenerator.v(17)
Info (10041): Inferred latch for "Step[21]" at ClockGenerator.v(17)
Info (10041): Inferred latch for "Step[22]" at ClockGenerator.v(17)
Info (10041): Inferred latch for "Step[23]" at ClockGenerator.v(17)
Info (10041): Inferred latch for "Step[24]" at ClockGenerator.v(17)
Info (10041): Inferred latch for "Step[25]" at ClockGenerator.v(17)
Info (10041): Inferred latch for "Step[26]" at ClockGenerator.v(17)
Info (10041): Inferred latch for "Step[27]" at ClockGenerator.v(17)
Info (10041): Inferred latch for "Step[28]" at ClockGenerator.v(17)
Info (10041): Inferred latch for "Step[29]" at ClockGenerator.v(17)
Info (10041): Inferred latch for "Step[30]" at ClockGenerator.v(17)
Info (10041): Inferred latch for "Step[31]" at ClockGenerator.v(17)
Info (12128): Elaborating entity "phase" for hierarchy "phase:phaseControler"
Info (12128): Elaborating entity "SinWave" for hierarchy "SinWave:S1"
Info (12128): Elaborating entity "SinROM" for hierarchy "SinWave:S1|SinROM:ROM1"
Info (12128): Elaborating entity "altsyncram" for hierarchy "SinWave:S1|SinROM:ROM1|altsyncram:altsyncram_component"
Info (12130): Elaborated megafunction instantiation "SinWave:S1|SinROM:ROM1|altsyncram:altsyncram_component"
Info (12133): Instantiated megafunction "SinWave:S1|SinROM:ROM1|altsyncram:altsyncram_component" with the following parameter:
    Info (12134): Parameter "clock_enable_input_a" = "BYPASS"
    Info (12134): Parameter "clock_enable_output_a" = "BYPASS"
    Info (12134): Parameter "init_file" = "SineTable.mif"
    Info (12134): Parameter "intended_device_family" = "Cyclone II"
    Info (12134): Parameter "lpm_hint" = "ENABLE_RUNTIME_MOD=NO"
    Info (12134): Parameter "lpm_type" = "altsyncram"
    Info (12134): Parameter "numwords_a" = "128"
    Info (12134): Parameter "operation_mode" = "ROM"
    Info (12134): Parameter "outdata_aclr_a" = "NONE"
    Info (12134): Parameter "outdata_reg_a" = "CLOCK0"
    Info (12134): Parameter "widthad_a" = "7"
    Info (12134): Parameter "width_a" = "16"
    Info (12134): Parameter "width_byteena_a" = "1"
Info (12021): Found 1 design units, including 1 entities, in source file db/altsyncram_pe71.tdf
    Info (12023): Found entity 1: altsyncram_pe71
Info (12128): Elaborating entity "altsyncram_pe71" for hierarchy "SinWave:S1|SinROM:ROM1|altsyncram:altsyncram_component|altsyncram_pe71:auto_generated"
Info (12128): Elaborating entity "TriangularWave" for hierarchy "TriangularWave:T1"
Info (12128): Elaborating entity "TriangularROM" for hierarchy "TriangularWave:T1|TriangularROM:ROM1"
Info (12128): Elaborating entity "altsyncram" for hierarchy "TriangularWave:T1|TriangularROM:ROM1|altsyncram:altsyncram_component"
Info (12130): Elaborated megafunction instantiation "TriangularWave:T1|TriangularROM:ROM1|altsyncram:altsyncram_component"
Info (12133): Instantiated megafunction "TriangularWave:T1|TriangularROM:ROM1|altsyncram:altsyncram_component" with the following parameter:
    Info (12134): Parameter "clock_enable_input_a" = "BYPASS"
    Info (12134): Parameter "clock_enable_output_a" = "BYPASS"
    Info (12134): Parameter "init_file" = "TriangularTable.mif"
    Info (12134): Parameter "intended_device_family" = "Cyclone II"
    Info (12134): Parameter "lpm_hint" = "ENABLE_RUNTIME_MOD=NO"
    Info (12134): Parameter "lpm_type" = "altsyncram"
    Info (12134): Parameter "numwords_a" = "128"
    Info (12134): Parameter "operation_mode" = "ROM"
    Info (12134): Parameter "outdata_aclr_a" = "NONE"
    Info (12134): Parameter "outdata_reg_a" = "CLOCK0"
    Info (12134): Parameter "widthad_a" = "7"
    Info (12134): Parameter "width_a" = "16"
    Info (12134): Parameter "width_byteena_a" = "1"
Info (12021): Found 1 design units, including 1 entities, in source file db/altsyncram_3381.tdf
    Info (12023): Found entity 1: altsyncram_3381
Info (12128): Elaborating entity "altsyncram_3381" for hierarchy "TriangularWave:T1|TriangularROM:ROM1|altsyncram:altsyncram_component|altsyncram_3381:auto_generated"
Info (12128): Elaborating entity "PWMWave" for hierarchy "PWMWave:P1"
Info (12128): Elaborating entity "ControlPanel" for hierarchy "ControlPanel:Control"
Warning (12241): 2 hierarchies have connectivity warnings - see the Connectivity Checks report folder
Warning (13012): Latch ClockGenerator:C1|Step[0] has unsafe behavior
    Warning (13013): Ports D and ENA on the latch are fed by the same signal SwitchNanoadd
Warning (13012): Latch ClockGenerator:C1|Step[1] has unsafe behavior
    Warning (13013): Ports D and ENA on the latch are fed by the same signal SwitchNanoadd
Warning (13012): Latch ClockGenerator:C1|Step[2] has unsafe behavior
    Warning (13013): Ports D and ENA on the latch are fed by the same signal SwitchNanoadd
Warning (13012): Latch ClockGenerator:C1|Step[3] has unsafe behavior
    Warning (13013): Ports D and ENA on the latch are fed by the same signal SwitchNanoadd
Warning (13012): Latch ClockGenerator:C1|Step[4] has unsafe behavior
    Warning (13013): Ports D and ENA on the latch are fed by the same signal SwitchNanoadd
Warning (13012): Latch ClockGenerator:C1|Step[5] has unsafe behavior
    Warning (13013): Ports D and ENA on the latch are fed by the same signal SwitchNanoadd
Warning (13012): Latch ClockGenerator:C1|Step[6] has unsafe behavior
    Warning (13013): Ports D and ENA on the latch are fed by the same signal SwitchNanoadd
Warning (13012): Latch ClockGenerator:C1|Step[7] has unsafe behavior
    Warning (13013): Ports D and ENA on the latch are fed by the same signal SwitchNanoadd
Warning (13012): Latch ClockGenerator:C1|Step[8] has unsafe behavior
    Warning (13013): Ports D and ENA on the latch are fed by the same signal SwitchNanoadd
Warning (13012): Latch ClockGenerator:C1|Step[9] has unsafe behavior
    Warning (13013): Ports D and ENA on the latch are fed by the same signal SwitchNanoadd
Warning (13012): Latch ClockGenerator:C1|Step[10] has unsafe behavior
    Warning (13013): Ports D and ENA on the latch are fed by the same signal SwitchNanoadd
Warning (13012): Latch ClockGenerator:C1|Step[11] has unsafe behavior
    Warning (13013): Ports D and ENA on the latch are fed by the same signal SwitchNanoadd
Warning (13012): Latch ClockGenerator:C1|Step[12] has unsafe behavior
    Warning (13013): Ports D and ENA on the latch are fed by the same signal SwitchNanoadd
Warning (13012): Latch ClockGenerator:C1|Step[13] has unsafe behavior
    Warning (13013): Ports D and ENA on the latch are fed by the same signal SwitchNanoadd
Warning (13012): Latch ClockGenerator:C1|Step[14] has unsafe behavior
    Warning (13013): Ports D and ENA on the latch are fed by the same signal SwitchNanoadd
Warning (13012): Latch ClockGenerator:C1|Step[15] has unsafe behavior
    Warning (13013): Ports D and ENA on the latch are fed by the same signal SwitchNanoadd
Warning (13012): Latch ClockGenerator:C1|Step[16] has unsafe behavior
    Warning (13013): Ports D and ENA on the latch are fed by the same signal SwitchNanoadd
Warning (13012): Latch ClockGenerator:C1|Step[17] has unsafe behavior
    Warning (13013): Ports D and ENA on the latch are fed by the same signal SwitchNanoadd
Warning (13012): Latch ClockGenerator:C1|Step[18] has unsafe behavior
    Warning (13013): Ports D and ENA on the latch are fed by the same signal SwitchNanoadd
Warning (13012): Latch ClockGenerator:C1|Step[19] has unsafe behavior
    Warning (13013): Ports D and ENA on the latch are fed by the same signal SwitchNanoadd
Warning (13012): Latch ClockGenerator:C1|Step[20] has unsafe behavior
    Warning (13013): Ports D and ENA on the latch are fed by the same signal SwitchNanoadd
Warning (13012): Latch ClockGenerator:C1|Step[21] has unsafe behavior
    Warning (13013): Ports D and ENA on the latch are fed by the same signal SwitchNanoadd
Warning (13012): Latch ClockGenerator:C1|Step[22] has unsafe behavior
    Warning (13013): Ports D and ENA on the latch are fed by the same signal SwitchNanoadd
Warning (13012): Latch ClockGenerator:C1|Step[23] has unsafe behavior
    Warning (13013): Ports D and ENA on the latch are fed by the same signal SwitchNanoadd
Warning (13012): Latch ClockGenerator:C1|Step[24] has unsafe behavior
    Warning (13013): Ports D and ENA on the latch are fed by the same signal SwitchNanoadd
Warning (13012): Latch ClockGenerator:C1|Step[25] has unsafe behavior
    Warning (13013): Ports D and ENA on the latch are fed by the same signal SwitchNanoadd
Warning (13012): Latch ClockGenerator:C1|Step[26] has unsafe behavior
    Warning (13013): Ports D and ENA on the latch are fed by the same signal SwitchNanoadd
Warning (13012): Latch ClockGenerator:C1|Step[27] has unsafe behavior
    Warning (13013): Ports D and ENA on the latch are fed by the same signal SwitchNanoadd
Warning (13012): Latch ClockGenerator:C1|Step[28] has unsafe behavior
    Warning (13013): Ports D and ENA on the latch are fed by the same signal SwitchNanoadd
Warning (13012): Latch ClockGenerator:C1|Step[29] has unsafe behavior
    Warning (13013): Ports D and ENA on the latch are fed by the same signal SwitchNanoadd
Warning (13012): Latch ClockGenerator:C1|Step[30] has unsafe behavior
    Warning (13013): Ports D and ENA on the latch are fed by the same signal SwitchNanoadd
Warning (13012): Latch ClockGenerator:C1|Step[31] has unsafe behavior
    Warning (13013): Ports D and ENA on the latch are fed by the same signal SwitchNanoadd
Warning (13004): Presettable and clearable registers converted to equivalent circuits with latches. Registers power-up to an undefined state, and DEVCLRn places the registers in an undefined state.
    Warning (13310): Register "phase:phaseControler|phaseInter[0]" is converted into an equivalent circuit using register "phase:phaseControler|phaseInter[0]~_emulated" and latch "phase:phaseControler|phaseInter[0]~1"
    Warning (13310): Register "phase:phaseControler|phaseInter[1]" is converted into an equivalent circuit using register "phase:phaseControler|phaseInter[1]~_emulated" and latch "phase:phaseControler|phaseInter[1]~5"
    Warning (13310): Register "phase:phaseControler|phaseInter[2]" is converted into an equivalent circuit using register "phase:phaseControler|phaseInter[2]~_emulated" and latch "phase:phaseControler|phaseInter[2]~9"
    Warning (13310): Register "phase:phaseControler|phaseInter[3]" is converted into an equivalent circuit using register "phase:phaseControler|phaseInter[3]~_emulated" and latch "phase:phaseControler|phaseInter[3]~13"
    Warning (13310): Register "phase:phaseControler|phaseInter[4]" is converted into an equivalent circuit using register "phase:phaseControler|phaseInter[4]~_emulated" and latch "phase:phaseControler|phaseInter[4]~17"
    Warning (13310): Register "phase:phaseControler|phaseInter[5]" is converted into an equivalent circuit using register "phase:phaseControler|phaseInter[5]~_emulated" and latch "phase:phaseControler|phaseInter[5]~21"
    Warning (13310): Register "phase:phaseControler|phaseInter[6]" is converted into an equivalent circuit using register "phase:phaseControler|phaseInter[6]~_emulated" and latch "phase:phaseControler|phaseInter[6]~25"
    Warning (13310): Register "phase:phaseControler|phaseInter[7]" is converted into an equivalent circuit using register "phase:phaseControler|phaseInter[7]~_emulated" and latch "phase:phaseControler|phaseInter[7]~29"
    Warning (13310): Register "phase:phaseControler|phaseInter[8]" is converted into an equivalent circuit using register "phase:phaseControler|phaseInter[8]~_emulated" and latch "phase:phaseControler|phaseInter[8]~33"
    Warning (13310): Register "phase:phaseControler|phaseInter[9]" is converted into an equivalent circuit using register "phase:phaseControler|phaseInter[9]~_emulated" and latch "phase:phaseControler|phaseInter[9]~37"
    Warning (13310): Register "phase:phaseControler|phaseInter[10]" is converted into an equivalent circuit using register "phase:phaseControler|phaseInter[10]~_emulated" and latch "phase:phaseControler|phaseInter[10]~41"
    Warning (13310): Register "phase:phaseControler|phaseInter[11]" is converted into an equivalent circuit using register "phase:phaseControler|phaseInter[11]~_emulated" and latch "phase:phaseControler|phaseInter[11]~45"
    Warning (13310): Register "phase:phaseControler|phaseInter[12]" is converted into an equivalent circuit using register "phase:phaseControler|phaseInter[12]~_emulated" and latch "phase:phaseControler|phaseInter[12]~49"
    Warning (13310): Register "phase:phaseControler|phaseInter[13]" is converted into an equivalent circuit using register "phase:phaseControler|phaseInter[13]~_emulated" and latch "phase:phaseControler|phaseInter[13]~53"
    Warning (13310): Register "phase:phaseControler|phaseInter[14]" is converted into an equivalent circuit using register "phase:phaseControler|phaseInter[14]~_emulated" and latch "phase:phaseControler|phaseInter[14]~57"
    Warning (13310): Register "phase:phaseControler|phaseInter[15]" is converted into an equivalent circuit using register "phase:phaseControler|phaseInter[15]~_emulated" and latch "phase:phaseControler|phaseInter[15]~61"
    Warning (13310): Register "phase:phaseControler|phaseInter[16]" is converted into an equivalent circuit using register "phase:phaseControler|phaseInter[16]~_emulated" and latch "phase:phaseControler|phaseInter[16]~65"
    Warning (13310): Register "phase:phaseControler|phaseInter[17]" is converted into an equivalent circuit using register "phase:phaseControler|phaseInter[17]~_emulated" and latch "phase:phaseControler|phaseInter[17]~69"
    Warning (13310): Register "phase:phaseControler|phaseInter[18]" is converted into an equivalent circuit using register "phase:phaseControler|phaseInter[18]~_emulated" and latch "phase:phaseControler|phaseInter[18]~73"
    Warning (13310): Register "phase:phaseControler|phaseInter[19]" is converted into an equivalent circuit using register "phase:phaseControler|phaseInter[19]~_emulated" and latch "phase:phaseControler|phaseInter[19]~77"
    Warning (13310): Register "phase:phaseControler|phaseInter[20]" is converted into an equivalent circuit using register "phase:phaseControler|phaseInter[20]~_emulated" and latch "phase:phaseControler|phaseInter[20]~81"
    Warning (13310): Register "phase:phaseControler|phaseInter[21]" is converted into an equivalent circuit using register "phase:phaseControler|phaseInter[21]~_emulated" and latch "phase:phaseControler|phaseInter[21]~85"
    Warning (13310): Register "phase:phaseControler|phaseInter[22]" is converted into an equivalent circuit using register "phase:phaseControler|phaseInter[22]~_emulated" and latch "phase:phaseControler|phaseInter[22]~89"
    Warning (13310): Register "phase:phaseControler|phaseInter[23]" is converted into an equivalent circuit using register "phase:phaseControler|phaseInter[23]~_emulated" and latch "phase:phaseControler|phaseInter[23]~93"
    Warning (13310): Register "phase:phaseControler|phaseInter[24]" is converted into an equivalent circuit using register "phase:phaseControler|phaseInter[24]~_emulated" and latch "phase:phaseControler|phaseInter[24]~97"
    Warning (13310): Register "phase:phaseControler|phaseInter[25]" is converted into an equivalent circuit using register "phase:phaseControler|phaseInter[25]~_emulated" and latch "phase:phaseControler|phaseInter[25]~101"
    Warning (13310): Register "phase:phaseControler|phaseInter[26]" is converted into an equivalent circuit using register "phase:phaseControler|phaseInter[26]~_emulated" and latch "phase:phaseControler|phaseInter[26]~105"
    Warning (13310): Register "phase:phaseControler|phaseInter[27]" is converted into an equivalent circuit using register "phase:phaseControler|phaseInter[27]~_emulated" and latch "phase:phaseControler|phaseInter[27]~109"
    Warning (13310): Register "phase:phaseControler|phaseInter[28]" is converted into an equivalent circuit using register "phase:phaseControler|phaseInter[28]~_emulated" and latch "phase:phaseControler|phaseInter[28]~113"
    Warning (13310): Register "phase:phaseControler|phaseInter[29]" is converted into an equivalent circuit using register "phase:phaseControler|phaseInter[29]~_emulated" and latch "phase:phaseControler|phaseInter[29]~117"
    Warning (13310): Register "phase:phaseControler|phaseInter[30]" is converted into an equivalent circuit using register "phase:phaseControler|phaseInter[30]~_emulated" and latch "phase:phaseControler|phaseInter[30]~121"
    Warning (13310): Register "phase:phaseControler|phaseInter[31]" is converted into an equivalent circuit using register "phase:phaseControler|phaseInter[31]~_emulated" and latch "phase:phaseControler|phaseInter[31]~125"
Info (144001): Generated suppressed messages file C:/Users/m1899/Desktop/DDSProject/output_files/DirectDigitalSynthesizer.map.smsg
Info (16010): Generating hard_block partition "hard_block:auto_generated_inst"
    Info (16011): Adding 0 node(s), including 0 DDIO, 0 PLL, 0 transceiver and 0 LCELL
Warning (21074): Design contains 1 input pin(s) that do not drive logic
    Warning (15610): No output dependent on input pin "reset"
Info (21057): Implemented 761 device resources after synthesis - the final resource count might be different
    Info (21058): Implemented 44 input pins
    Info (21059): Implemented 16 output pins
    Info (21061): Implemented 669 logic cells
    Info (21064): Implemented 32 RAM segments
Info: Quartus II 64-Bit Analysis & Synthesis was successful. 0 errors, 101 warnings
    Info: Peak virtual memory: 4624 megabytes
    Info: Processing ended: Wed Jun 26 23:32:55 2019
    Info: Elapsed time: 00:00:03
    Info: Total CPU time (on all processors): 00:00:03


+------------------------------------------+
; Analysis & Synthesis Suppressed Messages ;
+------------------------------------------+
The suppressed messages can be found in C:/Users/m1899/Desktop/DDSProject/output_files/DirectDigitalSynthesizer.map.smsg.


